******************************************************************************
                  TI ARM Linker PC v16.9.2                     
******************************************************************************
>> Linked Fri May 12 16:49:04 2017

OUTPUT FILE NAME:   <echo.out>
ENTRY POINT SYMBOL: "_c_int00"  address: 00002fe1


MEMORY CONFIGURATION

         name            origin    length      used     unused   attr    fill
----------------------  --------  ---------  --------  --------  ----  --------
  FLASH                 00000000   00100000  00003e82  000fc17e  R  X
  SRAM                  20000000   00040000  0000049c  0003fb64  RW X


SEGMENT ALLOCATION MAP

run origin  load origin   length   init length attrs members
----------  ----------- ---------- ----------- ----- -------
00000000    00000000    00003e88   00003e88    r-x
  00000000    00000000    00000208   00000208    r-- .intvecs
  00000208    00000208    00002faa   00002faa    r-x .text
  000031b4    000031b4    00000c88   00000c88    r-- .const
  00003e40    00003e40    00000048   00000048    r-- .cinit
20000000    20000000    0000049c   00000000    rw-
  20000000    20000000    0000026c   00000000    rw- .vtable
  2000026c    2000026c    00000200   00000000    rw- .stack
  2000046c    2000046c    00000030   00000000    rw- .data


SECTION ALLOCATION MAP

 output                                  attributes/
section   page    origin      length       input sections
--------  ----  ----------  ----------   ----------------
.intvecs   0    00000000    00000208     
                  00000000    00000208     tm4c1294ncpdt_startup_ccs.obj (.intvecs)

.text      0    00000208    00002faa     
                  00000208    00000f88     sysctl.obj (.text)
                  00001190    00000ba0     gpio.obj (.text)
                  00001d30    00000638     uart.obj (.text)
                  00002368    0000049c     uartstdio.obj (.text)
                  00002804    000003c0     interrupt.obj (.text)
                  00002bc4    0000022c     main.obj (.text)
                  00002df0    0000009c     rtsv7M4_T_le_v4SPD16_eabi.lib : memcpy_t2.obj (.text)
                  00002e8c    0000007a                                   : memset_t2.obj (.text)
                  00002f06    00000002                                   : i_div0.obj (.text)
                  00002f08    00000070                                   : autoinit.obj (.text)
                  00002f78    00000068                                   : copy_decompress_lzss.obj (.text:decompress:lzss)
                  00002fe0    00000054                                   : boot.obj (.text)
                  00003034    00000054                                   : exit.obj (.text)
                  00003088    0000004c                                   : cpy_tbl.obj (.text)
                  000030d4    00000040                                   : u_divt2.obj (.text)
                  00003114    0000003e     cpu.obj (.text)
                  00003152    00000002     rtsv7M4_T_le_v4SPD16_eabi.lib : mpu_init.obj (.text)
                  00003154    00000018                                   : args_main.obj (.text)
                  0000316c    00000014                                   : _lock.obj (.text)
                  00003180    0000000e                                   : copy_decompress_none.obj (.text:decompress:none)
                  0000318e    0000000c                                   : copy_zero_init.obj (.text:decompress:ZI)
                  0000319a    0000000c     tm4c1294ncpdt_startup_ccs.obj (.text)
                  000031a6    00000006     sysctl.obj (.text:SysCtlDelay)
                  000031ac    00000004     rtsv7M4_T_le_v4SPD16_eabi.lib : pre_init.obj (.text)
                  000031b0    00000002                                   : startup.obj (.text)

.const     0    000031b4    00000c88     
                  000031b4    00000320     main.obj (.const:noise)
                  000034d4    00000320     main.obj (.const:sinus)
                  000037f4    000001b0     sysctl.obj (.const:g_pppui32XTALtoVCO)
                  000039a4    000000d8     gpio.obj (.const:g_ppui32GPIOIntMapSnowflake)
                  00003a7c    000000c0     gpio.obj (.const:g_ppui32GPIOIntMapBlizzard)
                  00003b3c    0000009c     interrupt.obj (.const:g_pui32Regs)
                  00003bd8    00000090     gpio.obj (.const:g_pui32GPIOBaseAddrs)
                  00003c68    0000006c     sysctl.obj (.const:g_pui32Xtals)
                  00003cd4    00000040     uart.obj (.const:g_ppui32UARTIntMap)
                  00003d14    00000040     uart.obj (.const:g_ppui32UARTIntMapSnowflake)
                  00003d54    00000030     sysctl.obj (.const:g_sXTALtoMEMTIM)
                  00003d84    00000020     interrupt.obj (.const:g_pui32Priority)
                  00003da4    00000014     interrupt.obj (.const:g_pui32Dii16Regs)
                  00003db8    00000014     interrupt.obj (.const:g_pui32EnRegs)
                  00003dcc    00000014     interrupt.obj (.const:g_pui32PendRegs)
                  00003de0    00000014     interrupt.obj (.const:g_pui32UnpendRegs)
                  00003df4    00000012     uartstdio.obj (.const:.string)
                  00003e06    00000002     --HOLE-- [fill = 0]
                  00003e08    0000000c     uartstdio.obj (.const:g_ui32UARTBase)
                  00003e14    0000000c     uartstdio.obj (.const:g_ui32UARTPeriph)
                  00003e20    00000008     sysctl.obj (.const:g_pui32VCOFrequencies)
                  00003e28    00000008     gpio.obj (.const)
                  00003e30    00000008     uart.obj (.const)
                  00003e38    00000004     uartstdio.obj (.const)

.cinit     0    00003e40    00000048     
                  00003e40    00000021     (.cinit..data.load) [load image, compression = lzss]
                  00003e61    00000003     --HOLE-- [fill = 0]
                  00003e64    0000000c     (__TI_handler_table)
                  00003e70    00000008     (.cinit..vtable.load) [load image, compression = zero_init]
                  00003e78    00000010     (__TI_cinit_table)

.init_array 
*          0    00000000    00000000     UNINITIALIZED

.vtable    0    20000000    0000026c     UNINITIALIZED
                  20000000    0000026c     interrupt.obj (.vtable)

.stack     0    2000026c    00000200     UNINITIALIZED
                  2000026c    00000200     --HOLE--

.data      0    2000046c    00000030     UNINITIALIZED
                  2000046c    00000010     main.obj (.data)
                  2000047c    0000000c     rtsv7M4_T_le_v4SPD16_eabi.lib : exit.obj (.data:$O1$$)
                  20000488    00000008                                   : _lock.obj (.data:$O1$$)
                  20000490    00000005     uartstdio.obj (.data)
                  20000495    00000003     --HOLE--
                  20000498    00000004     rtsv7M4_T_le_v4SPD16_eabi.lib : stkdepth_vars.obj (.data)

MODULE SUMMARY

       Module                          code    ro data   rw data
       ------                          ----    -------   -------
    .\
       main.obj                        556     1600      16     
       tm4c1294ncpdt_startup_ccs.obj   12      520       0      
    +--+-------------------------------+-------+---------+---------+
       Total:                          568     2120      16     
                                                                
    .\driverlib\
       sysctl.obj                      3982    596       0      
       gpio.obj                        2976    560       0      
       interrupt.obj                   960     268       620    
       uart.obj                        1592    136       0      
       cpu.obj                         62      0         0      
    +--+-------------------------------+-------+---------+---------+
       Total:                          9572    1560      620    
                                                                
    .\utils\
       uartstdio.obj                   1180    46        5      
    +--+-------------------------------+-------+---------+---------+
       Total:                          1180    46        5      
                                                                
    C:\ti\ccsv7\tools\compiler\ti-cgt-arm_16.9.2.LTS\lib\rtsv7M4_T_le_v4SPD16_eabi.lib
       memcpy_t2.obj                   156     0         0      
       memset_t2.obj                   122     0         0      
       autoinit.obj                    112     0         0      
       copy_decompress_lzss.obj        104     0         0      
       exit.obj                        84      0         12     
       boot.obj                        84      0         0      
       cpy_tbl.obj                     76      0         0      
       u_divt2.obj                     64      0         0      
       _lock.obj                       20      0         8      
       args_main.obj                   24      0         0      
       copy_decompress_none.obj        14      0         0      
       copy_zero_init.obj              12      0         0      
       pre_init.obj                    4       0         0      
       stkdepth_vars.obj               0       0         4      
       i_div0.obj                      2       0         0      
       mpu_init.obj                    2       0         0      
       startup.obj                     2       0         0      
    +--+-------------------------------+-------+---------+---------+
       Total:                          882     0         24     
                                                                
       Stack:                          0       0         512    
       Linker Generated:               0       69        0      
    +--+-------------------------------+-------+---------+---------+
       Grand Total:                    12202   3795      1177   


LINKER GENERATED COPY TABLES

__TI_cinit_table @ 00003e78 records: 2, size/record: 8, table size: 16
	.data: load addr=00003e40, load size=00000021 bytes, run addr=2000046c, run size=00000030 bytes, compression=lzss
	.vtable: load addr=00003e70, load size=00000008 bytes, run addr=20000000, run size=0000026c bytes, compression=zero_init


LINKER GENERATED HANDLER TABLE

__TI_handler_table @ 00003e64 records: 3, size/record: 4, table size: 12
	index: 0, handler: __TI_zero_init
	index: 1, handler: __TI_decompress_lzss
	index: 2, handler: __TI_decompress_none


GLOBAL SYMBOLS: SORTED ALPHABETICALLY BY Name 

address   name                            
-------   ----                            
00003035  C$$EXIT                         
00003149  CPUbasepriGet                   
0000313b  CPUbasepriSet                   
00003115  CPUcpsid                        
0000312b  CPUcpsie                        
00003121  CPUprimask                      
00003137  CPUwfi                          
00001d09  GPIOADCTriggerDisable           
00001ceb  GPIOADCTriggerEnable            
00001ccd  GPIODMATriggerDisable           
00001caf  GPIODMATriggerEnable            
0000124f  GPIODirModeGet                  
000011f3  GPIODirModeSet                  
000017bf  GPIOIntClear                    
00001783  GPIOIntDisable                  
00001769  GPIOIntEnable                   
000017d3  GPIOIntRegister                 
0000180b  GPIOIntRegisterPin              
0000179d  GPIOIntStatus                   
0000133f  GPIOIntTypeGet                  
0000129b  GPIOIntTypeSet                  
000017f1  GPIOIntUnregister               
00001839  GPIOIntUnregisterPin            
00001617  GPIOPadConfigGet                
000013dd  GPIOPadConfigSet                
00001c51  GPIOPinConfigure                
0000185d  GPIOPinRead                     
00001895  GPIOPinTypeADC                  
000018b9  GPIOPinTypeCAN                  
000018dd  GPIOPinTypeComparator           
00001901  GPIOPinTypeComparatorOutput     
00001925  GPIOPinTypeDIVSCLK              
00001949  GPIOPinTypeEPI                  
0000196d  GPIOPinTypeEthernetLED          
00001991  GPIOPinTypeEthernetMII          
000019b5  GPIOPinTypeGPIOInput            
000019d9  GPIOPinTypeGPIOOutput           
000019fd  GPIOPinTypeGPIOOutputOD         
00001a21  GPIOPinTypeHibernateRTCCLK      
00001a45  GPIOPinTypeI2C                  
00001a69  GPIOPinTypeI2CSCL               
00001a8d  GPIOPinTypeLCD                  
00001ab1  GPIOPinTypeOneWire              
00001ad5  GPIOPinTypePWM                  
00001af9  GPIOPinTypeQEI                  
00001b1d  GPIOPinTypeSSI                  
00001b41  GPIOPinTypeTimer                
00001b65  GPIOPinTypeTrace                
00001b89  GPIOPinTypeUART                 
00001bad  GPIOPinTypeUSBAnalog            
00001bd1  GPIOPinTypeUSBDigital           
00001bf5  GPIOPinTypeWakeHigh             
00001c1b  GPIOPinTypeWakeLow              
00001c41  GPIOPinWakeStatus               
00001875  GPIOPinWrite                    
00002c53  InitConsole                     
000029c5  IntDisable                      
00002953  IntEnable                       
00002a37  IntIsEnabled                    
00002817  IntMasterDisable                
00002807  IntMasterEnable                 
00002b2d  IntPendClear                    
00002abd  IntPendSet                      
0000292f  IntPriorityGet                  
000028a7  IntPriorityGroupingGet          
0000288d  IntPriorityGroupingSet          
00002b87  IntPriorityMaskGet              
00002b7b  IntPriorityMaskSet              
000028df  IntPrioritySet                  
00002827  IntRegister                     
00002b8f  IntTrigger                      
00002879  IntUnregister                   
0000319b  ResetISR                        
UNDEFED   SHT$$INIT_ARRAY$$Base           
UNDEFED   SHT$$INIT_ARRAY$$Limit          
0000114d  SysCtlAltClkConfig              
00000871  SysCtlClockFreqSet              
00000d39  SysCtlClockGet                  
00001131  SysCtlClockOutConfig            
00000b69  SysCtlClockSet                  
00000775  SysCtlDeepSleep                 
00000f01  SysCtlDeepSleepClockConfigSet   
00000ee5  SysCtlDeepSleepClockSet         
00000755  SysCtlDeepSleepPowerSet         
000031a7  SysCtlDelay                     
00000301  SysCtlFlashSectorSizeGet        
000002d5  SysCtlFlashSizeGet              
00000fd7  SysCtlGPIOAHBDisable            
00000fbb  SysCtlGPIOAHBEnable             
000006e9  SysCtlIntClear                  
000006d1  SysCtlIntDisable                
000006bd  SysCtlIntEnable                 
00000695  SysCtlIntRegister               
000006f9  SysCtlIntStatus                 
000006ad  SysCtlIntUnregister             
0000073b  SysCtlLDODeepSleepGet           
0000072b  SysCtlLDODeepSleepSet           
00000725  SysCtlLDOSleepGet               
00000715  SysCtlLDOSleepSet               
000007ab  SysCtlMOSCConfigSet             
00001115  SysCtlNMIClear                  
00001105  SysCtlNMIStatus                 
000007c1  SysCtlPIOSCCalibrate            
00000fa5  SysCtlPWMClockGet               
00000f8b  SysCtlPWMClockSet               
00000641  SysCtlPeripheralClockGating     
000005f9  SysCtlPeripheralDeepSleepDisable
000005a9  SysCtlPeripheralDeepSleepEnable 
000004e5  SysCtlPeripheralDisable         
000004a9  SysCtlPeripheralEnable          
000003e5  SysCtlPeripheralPowerOff        
000003a9  SysCtlPeripheralPowerOn         
00000329  SysCtlPeripheralPresent         
00000369  SysCtlPeripheralReady           
00000421  SysCtlPeripheralReset           
0000056d  SysCtlPeripheralSleepDisable    
00000529  SysCtlPeripheralSleepEnable     
00000765  SysCtlReset                     
00000821  SysCtlResetBehaviorGet          
00000811  SysCtlResetBehaviorSet          
00000797  SysCtlResetCauseClear           
00000791  SysCtlResetCauseGet             
000002cb  SysCtlSRAMSizeGet               
0000076d  SysCtlSleep                     
00000741  SysCtlSleepPowerSet             
00000fff  SysCtlUSBPLLDisable             
00000ff3  SysCtlUSBPLLEnable              
00001045  SysCtlVCOGet                    
00001031  SysCtlVoltageEventClear         
00001011  SysCtlVoltageEventConfig        
00001025  SysCtlVoltageEventStatus        
0000230b  UART9BitAddrSend                
000022e5  UART9BitAddrSet                 
000022cf  UART9BitDisable                 
000022b9  UART9BitEnable                  
0000215f  UARTBreakCtl                    
00002189  UARTBusy                        
00002107  UARTCharGet                     
000020eb  UARTCharGetNonBlocking          
00002141  UARTCharPut                     
0000211d  UARTCharPutNonBlocking          
000020af  UARTCharsAvail                  
000022a9  UARTClockSourceGet              
00002295  UARTClockSourceSet              
00001e77  UARTConfigGetExpClk             
00001e01  UARTConfigSetExpClk             
0000225b  UARTDMADisable                  
00002243  UARTDMAEnable                   
00001ee7  UARTDisable                     
00001f6b  UARTDisableSIR                  
00001ec3  UARTEnable                      
00001f3d  UARTEnableSIR                   
00001f27  UARTFIFODisable                 
00001f11  UARTFIFOEnable                  
00001dd9  UARTFIFOLevelGet                
00001dc1  UARTFIFOLevelSet                
0000206f  UARTFlowControlGet              
00002053  UARTFlowControlSet              
00002231  UARTIntClear                    
000021fb  UARTIntDisable                  
000021e3  UARTIntEnable                   
000021a7  UARTIntRegister                 
00002213  UARTIntStatus                   
000021c9  UARTIntUnregister               
00002353  UARTLoopbackEnable              
00002009  UARTModemControlClear           
0000202d  UARTModemControlGet             
00001fc9  UARTModemControlSet             
0000203f  UARTModemStatusGet              
00001daf  UARTParityModeGet               
00001d93  UARTParityModeSet               
00002285  UARTRxErrorClear                
00002273  UARTRxErrorGet                  
00001fb3  UARTSmartCardDisable            
00001f81  UARTSmartCardEnable             
000020cd  UARTSpaceAvail                  
00002369  UARTStdioConfig                 
0000209d  UARTTxIntModeGet                
00002081  UARTTxIntModeSet                
000024af  UARTgetc                        
000023f5  UARTgets                        
000027cf  UARTprintf                      
000024d5  UARTvprintf                     
000023af  UARTwrite                       
2000046c  __STACK_END                     
00000200  __STACK_SIZE                    
2000046c  __STACK_TOP                     
00003e78  __TI_CINIT_Base                 
00003e88  __TI_CINIT_Limit                
00003e64  __TI_Handler_Table_Base         
00003e70  __TI_Handler_Table_Limit        
00002f09  __TI_auto_init                  
2000047c  __TI_cleanup_ptr                
00002f79  __TI_decompress_lzss            
00003181  __TI_decompress_none            
20000480  __TI_dtors_ptr                  
20000484  __TI_enable_exit_profile_output 
ffffffff  __TI_pprof_out_hndl             
ffffffff  __TI_prof_data_size             
ffffffff  __TI_prof_data_start            
00000000  __TI_static_base__              
0000318f  __TI_zero_init                  
00002f07  __aeabi_idiv0                   
00002e8d  __aeabi_memclr                  
00002e8d  __aeabi_memclr4                 
00002e8d  __aeabi_memclr8                 
00002df1  __aeabi_memcpy                  
00002df1  __aeabi_memcpy4                 
00002df1  __aeabi_memcpy8                 
00002e8f  __aeabi_memset                  
00002e8f  __aeabi_memset4                 
00002e8f  __aeabi_memset8                 
000030d5  __aeabi_uidiv                   
000030d5  __aeabi_uidivmod                
ffffffff  __binit__                       
ffffffff  __c_args__                      
00003153  __mpu_init                      
2000026c  __stack                         
00003155  _args_main                      
00002fe1  _c_int00                        
20000488  _lock                           
0000317b  _nop                            
00003173  _register_lock                  
0000316d  _register_unlock                
000031b1  _system_post_cinit              
000031ad  _system_pre_init                
2000048c  _unlock                         
00003039  abort                           
ffffffff  binit                           
00002bc5  cancelEcho                      
00003089  copy_in                         
00003041  exit                            
20000470  filterWeight                    
20000000  g_pfnRAMVectors                 
00000000  g_pfnVectors                    
00002c8f  main                            
20000498  main_func_sp                    
00002df1  memcpy                          
00002e95  memset                          
2000046c  stepsize                        


GLOBAL SYMBOLS: SORTED BY Symbol Address 

address   name                            
-------   ----                            
00000000  __TI_static_base__              
00000000  g_pfnVectors                    
00000200  __STACK_SIZE                    
000002cb  SysCtlSRAMSizeGet               
000002d5  SysCtlFlashSizeGet              
00000301  SysCtlFlashSectorSizeGet        
00000329  SysCtlPeripheralPresent         
00000369  SysCtlPeripheralReady           
000003a9  SysCtlPeripheralPowerOn         
000003e5  SysCtlPeripheralPowerOff        
00000421  SysCtlPeripheralReset           
000004a9  SysCtlPeripheralEnable          
000004e5  SysCtlPeripheralDisable         
00000529  SysCtlPeripheralSleepEnable     
0000056d  SysCtlPeripheralSleepDisable    
000005a9  SysCtlPeripheralDeepSleepEnable 
000005f9  SysCtlPeripheralDeepSleepDisable
00000641  SysCtlPeripheralClockGating     
00000695  SysCtlIntRegister               
000006ad  SysCtlIntUnregister             
000006bd  SysCtlIntEnable                 
000006d1  SysCtlIntDisable                
000006e9  SysCtlIntClear                  
000006f9  SysCtlIntStatus                 
00000715  SysCtlLDOSleepSet               
00000725  SysCtlLDOSleepGet               
0000072b  SysCtlLDODeepSleepSet           
0000073b  SysCtlLDODeepSleepGet           
00000741  SysCtlSleepPowerSet             
00000755  SysCtlDeepSleepPowerSet         
00000765  SysCtlReset                     
0000076d  SysCtlSleep                     
00000775  SysCtlDeepSleep                 
00000791  SysCtlResetCauseGet             
00000797  SysCtlResetCauseClear           
000007ab  SysCtlMOSCConfigSet             
000007c1  SysCtlPIOSCCalibrate            
00000811  SysCtlResetBehaviorSet          
00000821  SysCtlResetBehaviorGet          
00000871  SysCtlClockFreqSet              
00000b69  SysCtlClockSet                  
00000d39  SysCtlClockGet                  
00000ee5  SysCtlDeepSleepClockSet         
00000f01  SysCtlDeepSleepClockConfigSet   
00000f8b  SysCtlPWMClockSet               
00000fa5  SysCtlPWMClockGet               
00000fbb  SysCtlGPIOAHBEnable             
00000fd7  SysCtlGPIOAHBDisable            
00000ff3  SysCtlUSBPLLEnable              
00000fff  SysCtlUSBPLLDisable             
00001011  SysCtlVoltageEventConfig        
00001025  SysCtlVoltageEventStatus        
00001031  SysCtlVoltageEventClear         
00001045  SysCtlVCOGet                    
00001105  SysCtlNMIStatus                 
00001115  SysCtlNMIClear                  
00001131  SysCtlClockOutConfig            
0000114d  SysCtlAltClkConfig              
000011f3  GPIODirModeSet                  
0000124f  GPIODirModeGet                  
0000129b  GPIOIntTypeSet                  
0000133f  GPIOIntTypeGet                  
000013dd  GPIOPadConfigSet                
00001617  GPIOPadConfigGet                
00001769  GPIOIntEnable                   
00001783  GPIOIntDisable                  
0000179d  GPIOIntStatus                   
000017bf  GPIOIntClear                    
000017d3  GPIOIntRegister                 
000017f1  GPIOIntUnregister               
0000180b  GPIOIntRegisterPin              
00001839  GPIOIntUnregisterPin            
0000185d  GPIOPinRead                     
00001875  GPIOPinWrite                    
00001895  GPIOPinTypeADC                  
000018b9  GPIOPinTypeCAN                  
000018dd  GPIOPinTypeComparator           
00001901  GPIOPinTypeComparatorOutput     
00001925  GPIOPinTypeDIVSCLK              
00001949  GPIOPinTypeEPI                  
0000196d  GPIOPinTypeEthernetLED          
00001991  GPIOPinTypeEthernetMII          
000019b5  GPIOPinTypeGPIOInput            
000019d9  GPIOPinTypeGPIOOutput           
000019fd  GPIOPinTypeGPIOOutputOD         
00001a21  GPIOPinTypeHibernateRTCCLK      
00001a45  GPIOPinTypeI2C                  
00001a69  GPIOPinTypeI2CSCL               
00001a8d  GPIOPinTypeLCD                  
00001ab1  GPIOPinTypeOneWire              
00001ad5  GPIOPinTypePWM                  
00001af9  GPIOPinTypeQEI                  
00001b1d  GPIOPinTypeSSI                  
00001b41  GPIOPinTypeTimer                
00001b65  GPIOPinTypeTrace                
00001b89  GPIOPinTypeUART                 
00001bad  GPIOPinTypeUSBAnalog            
00001bd1  GPIOPinTypeUSBDigital           
00001bf5  GPIOPinTypeWakeHigh             
00001c1b  GPIOPinTypeWakeLow              
00001c41  GPIOPinWakeStatus               
00001c51  GPIOPinConfigure                
00001caf  GPIODMATriggerEnable            
00001ccd  GPIODMATriggerDisable           
00001ceb  GPIOADCTriggerEnable            
00001d09  GPIOADCTriggerDisable           
00001d93  UARTParityModeSet               
00001daf  UARTParityModeGet               
00001dc1  UARTFIFOLevelSet                
00001dd9  UARTFIFOLevelGet                
00001e01  UARTConfigSetExpClk             
00001e77  UARTConfigGetExpClk             
00001ec3  UARTEnable                      
00001ee7  UARTDisable                     
00001f11  UARTFIFOEnable                  
00001f27  UARTFIFODisable                 
00001f3d  UARTEnableSIR                   
00001f6b  UARTDisableSIR                  
00001f81  UARTSmartCardEnable             
00001fb3  UARTSmartCardDisable            
00001fc9  UARTModemControlSet             
00002009  UARTModemControlClear           
0000202d  UARTModemControlGet             
0000203f  UARTModemStatusGet              
00002053  UARTFlowControlSet              
0000206f  UARTFlowControlGet              
00002081  UARTTxIntModeSet                
0000209d  UARTTxIntModeGet                
000020af  UARTCharsAvail                  
000020cd  UARTSpaceAvail                  
000020eb  UARTCharGetNonBlocking          
00002107  UARTCharGet                     
0000211d  UARTCharPutNonBlocking          
00002141  UARTCharPut                     
0000215f  UARTBreakCtl                    
00002189  UARTBusy                        
000021a7  UARTIntRegister                 
000021c9  UARTIntUnregister               
000021e3  UARTIntEnable                   
000021fb  UARTIntDisable                  
00002213  UARTIntStatus                   
00002231  UARTIntClear                    
00002243  UARTDMAEnable                   
0000225b  UARTDMADisable                  
00002273  UARTRxErrorGet                  
00002285  UARTRxErrorClear                
00002295  UARTClockSourceSet              
000022a9  UARTClockSourceGet              
000022b9  UART9BitEnable                  
000022cf  UART9BitDisable                 
000022e5  UART9BitAddrSet                 
0000230b  UART9BitAddrSend                
00002353  UARTLoopbackEnable              
00002369  UARTStdioConfig                 
000023af  UARTwrite                       
000023f5  UARTgets                        
000024af  UARTgetc                        
000024d5  UARTvprintf                     
000027cf  UARTprintf                      
00002807  IntMasterEnable                 
00002817  IntMasterDisable                
00002827  IntRegister                     
00002879  IntUnregister                   
0000288d  IntPriorityGroupingSet          
000028a7  IntPriorityGroupingGet          
000028df  IntPrioritySet                  
0000292f  IntPriorityGet                  
00002953  IntEnable                       
000029c5  IntDisable                      
00002a37  IntIsEnabled                    
00002abd  IntPendSet                      
00002b2d  IntPendClear                    
00002b7b  IntPriorityMaskSet              
00002b87  IntPriorityMaskGet              
00002b8f  IntTrigger                      
00002bc5  cancelEcho                      
00002c53  InitConsole                     
00002c8f  main                            
00002df1  __aeabi_memcpy                  
00002df1  __aeabi_memcpy4                 
00002df1  __aeabi_memcpy8                 
00002df1  memcpy                          
00002e8d  __aeabi_memclr                  
00002e8d  __aeabi_memclr4                 
00002e8d  __aeabi_memclr8                 
00002e8f  __aeabi_memset                  
00002e8f  __aeabi_memset4                 
00002e8f  __aeabi_memset8                 
00002e95  memset                          
00002f07  __aeabi_idiv0                   
00002f09  __TI_auto_init                  
00002f79  __TI_decompress_lzss            
00002fe1  _c_int00                        
00003035  C$$EXIT                         
00003039  abort                           
00003041  exit                            
00003089  copy_in                         
000030d5  __aeabi_uidiv                   
000030d5  __aeabi_uidivmod                
00003115  CPUcpsid                        
00003121  CPUprimask                      
0000312b  CPUcpsie                        
00003137  CPUwfi                          
0000313b  CPUbasepriSet                   
00003149  CPUbasepriGet                   
00003153  __mpu_init                      
00003155  _args_main                      
0000316d  _register_unlock                
00003173  _register_lock                  
0000317b  _nop                            
00003181  __TI_decompress_none            
0000318f  __TI_zero_init                  
0000319b  ResetISR                        
000031a7  SysCtlDelay                     
000031ad  _system_pre_init                
000031b1  _system_post_cinit              
00003e64  __TI_Handler_Table_Base         
00003e70  __TI_Handler_Table_Limit        
00003e78  __TI_CINIT_Base                 
00003e88  __TI_CINIT_Limit                
20000000  g_pfnRAMVectors                 
2000026c  __stack                         
2000046c  __STACK_END                     
2000046c  __STACK_TOP                     
2000046c  stepsize                        
20000470  filterWeight                    
2000047c  __TI_cleanup_ptr                
20000480  __TI_dtors_ptr                  
20000484  __TI_enable_exit_profile_output 
20000488  _lock                           
2000048c  _unlock                         
20000498  main_func_sp                    
ffffffff  __TI_pprof_out_hndl             
ffffffff  __TI_prof_data_size             
ffffffff  __TI_prof_data_start            
ffffffff  __binit__                       
ffffffff  __c_args__                      
ffffffff  binit                           
UNDEFED   SHT$$INIT_ARRAY$$Base           
UNDEFED   SHT$$INIT_ARRAY$$Limit          

[240 symbols]
