******************************************************************************
                  TI ARM Linker PC v16.9.2                     
******************************************************************************
>> Linked Sat Apr 15 15:26:34 2017

OUTPUT FILE NAME:   <echo.out>
ENTRY POINT SYMBOL: "_c_int00"  address: 00002c05


MEMORY CONFIGURATION

         name            origin    length      used     unused   attr    fill
----------------------  --------  ---------  --------  --------  ----  --------
  FLASH                 00000000   00100000  0000336c  000fcc94  R  X
  SRAM                  20000000   00040000  0000048c  0003fb74  RW X


SEGMENT ALLOCATION MAP

run origin  load origin   length   init length attrs members
----------  ----------- ---------- ----------- ----- -------
00000000    00000000    00003370   00003370    r-x
  00000000    00000000    00000208   00000208    r-- .intvecs
  00000208    00000208    00002b8c   00002b8c    r-x .text
  00002d94    00002d94    00000590   00000590    r-- .const
  00003328    00003328    00000048   00000048    r-- .cinit
20000000    20000000    0000048c   00000000    rw-
  20000000    20000000    0000026c   00000000    rw- .vtable
  2000026c    2000026c    00000200   00000000    rw- .stack
  2000046c    2000046c    00000018   00000000    rw- .data
  20000484    20000484    00000008   00000000    rw- .bss


SECTION ALLOCATION MAP

 output                                  attributes/
section   page    origin      length       input sections
--------  ----  ----------  ----------   ----------------
.intvecs   0    00000000    00000208     
                  00000000    00000208     tm4c1294ncpdt_startup_ccs.obj (.intvecs)

.text      0    00000208    00002b8c     
                  00000208    00000f88     sysctl.obj (.text)
                  00001190    00000ba0     gpio.obj (.text)
                  00001d30    0000083c     adc.obj (.text)
                  0000256c    000003c0     interrupt.obj (.text)
                  0000292c    000000e8     main.obj (.text)
                  00002a14    0000009c     rtsv7M4_T_le_v4SPD16_eabi.lib : memcpy_t2.obj (.text)
                  00002ab0    0000007a                                   : memset_t2.obj (.text)
                  00002b2a    00000002                                   : mpu_init.obj (.text)
                  00002b2c    00000070                                   : autoinit.obj (.text)
                  00002b9c    00000068                                   : copy_decompress_lzss.obj (.text:decompress:lzss)
                  00002c04    00000054                                   : boot.obj (.text)
                  00002c58    00000054                                   : exit.obj (.text)
                  00002cac    0000004c                                   : cpy_tbl.obj (.text)
                  00002cf8    0000003e     cpu.obj (.text)
                  00002d36    00000002     rtsv7M4_T_le_v4SPD16_eabi.lib : startup.obj (.text)
                  00002d38    00000018                                   : args_main.obj (.text)
                  00002d50    00000014                                   : _lock.obj (.text)
                  00002d64    0000000e                                   : copy_decompress_none.obj (.text:decompress:none)
                  00002d72    0000000c                                   : copy_zero_init.obj (.text:decompress:ZI)
                  00002d7e    0000000c     tm4c1294ncpdt_startup_ccs.obj (.text)
                  00002d8a    00000006     sysctl.obj (.text:SysCtlDelay)
                  00002d90    00000004     rtsv7M4_T_le_v4SPD16_eabi.lib : pre_init.obj (.text)

.const     0    00002d94    00000590     
                  00002d94    000001b0     sysctl.obj (.const:g_pppui32XTALtoVCO)
                  00002f44    000000d8     gpio.obj (.const:g_ppui32GPIOIntMapSnowflake)
                  0000301c    000000c0     gpio.obj (.const:g_ppui32GPIOIntMapBlizzard)
                  000030dc    0000009c     interrupt.obj (.const:g_pui32Regs)
                  00003178    00000090     gpio.obj (.const:g_pui32GPIOBaseAddrs)
                  00003208    0000006c     sysctl.obj (.const:g_pui32Xtals)
                  00003274    00000030     sysctl.obj (.const:g_sXTALtoMEMTIM)
                  000032a4    00000020     interrupt.obj (.const:g_pui32Priority)
                  000032c4    00000014     interrupt.obj (.const:g_pui32Dii16Regs)
                  000032d8    00000014     interrupt.obj (.const:g_pui32EnRegs)
                  000032ec    00000014     interrupt.obj (.const:g_pui32PendRegs)
                  00003300    00000014     interrupt.obj (.const:g_pui32UnpendRegs)
                  00003314    00000008     sysctl.obj (.const:g_pui32VCOFrequencies)
                  0000331c    00000008     gpio.obj (.const)

.cinit     0    00003328    00000048     
                  00003328    00000011     (.cinit..data.load) [load image, compression = lzss]
                  00003339    00000003     --HOLE-- [fill = 0]
                  0000333c    0000000c     (__TI_handler_table)
                  00003348    00000008     (.cinit..bss.load) [load image, compression = zero_init]
                  00003350    00000008     (.cinit..vtable.load) [load image, compression = zero_init]
                  00003358    00000018     (__TI_cinit_table)

.init_array 
*          0    00000000    00000000     UNINITIALIZED

.vtable    0    20000000    0000026c     UNINITIALIZED
                  20000000    0000026c     interrupt.obj (.vtable)

.stack     0    2000026c    00000200     UNINITIALIZED
                  2000026c    00000200     --HOLE--

.data      0    2000046c    00000018     UNINITIALIZED
                  2000046c    0000000c     rtsv7M4_T_le_v4SPD16_eabi.lib : exit.obj (.data:$O1$$)
                  20000478    00000008                                   : _lock.obj (.data:$O1$$)
                  20000480    00000004                                   : stkdepth_vars.obj (.data)

.bss       0    20000484    00000008     UNINITIALIZED
                  20000484    00000008     adc.obj (.bss:g_pui8OversampleFactor)

MODULE SUMMARY

       Module                          code    ro data   rw data
       ------                          ----    -------   -------
    .\
       tm4c1294ncpdt_startup_ccs.obj   12      520       0      
       main.obj                        232     0         0      
    +--+-------------------------------+-------+---------+---------+
       Total:                          244     520       0      
                                                                
    .\driverlib\
       sysctl.obj                      3982    596       0      
       gpio.obj                        2976    560       0      
       adc.obj                         2108    0         8      
       interrupt.obj                   960     268       620    
       cpu.obj                         62      0         0      
    +--+-------------------------------+-------+---------+---------+
       Total:                          10088   1424      628    
                                                                
    C:\ti\ccsv7\tools\compiler\ti-cgt-arm_16.9.2.LTS\lib\rtsv7M4_T_le_v4SPD16_eabi.lib
       memcpy_t2.obj                   156     0         0      
       memset_t2.obj                   122     0         0      
       autoinit.obj                    112     0         0      
       copy_decompress_lzss.obj        104     0         0      
       exit.obj                        84      0         12     
       boot.obj                        84      0         0      
       cpy_tbl.obj                     76      0         0      
       _lock.obj                       20      0         8      
       args_main.obj                   24      0         0      
       copy_decompress_none.obj        14      0         0      
       copy_zero_init.obj              12      0         0      
       pre_init.obj                    4       0         0      
       stkdepth_vars.obj               0       0         4      
       mpu_init.obj                    2       0         0      
       startup.obj                     2       0         0      
    +--+-------------------------------+-------+---------+---------+
       Total:                          816     0         24     
                                                                
       Stack:                          0       0         512    
       Linker Generated:               0       69        0      
    +--+-------------------------------+-------+---------+---------+
       Grand Total:                    11148   2013      1164   


LINKER GENERATED COPY TABLES

__TI_cinit_table @ 00003358 records: 3, size/record: 8, table size: 24
	.data: load addr=00003328, load size=00000011 bytes, run addr=2000046c, run size=00000018 bytes, compression=lzss
	.bss: load addr=00003348, load size=00000008 bytes, run addr=20000484, run size=00000008 bytes, compression=zero_init
	.vtable: load addr=00003350, load size=00000008 bytes, run addr=20000000, run size=0000026c bytes, compression=zero_init


LINKER GENERATED HANDLER TABLE

__TI_handler_table @ 0000333c records: 3, size/record: 4, table size: 12
	index: 0, handler: __TI_zero_init
	index: 1, handler: __TI_decompress_lzss
	index: 2, handler: __TI_decompress_none


GLOBAL SYMBOLS: SORTED ALPHABETICALLY BY Name 

address   name                              
-------   ----                              
000024e1  ADCBusy                           
00002529  ADCClockConfigGet                 
000024ff  ADCClockConfigSet                 
000022fb  ADCComparatorConfigure            
000023d5  ADCComparatorIntClear             
00002381  ADCComparatorIntDisable           
0000239f  ADCComparatorIntEnable            
000023c1  ADCComparatorIntStatus            
00002317  ADCComparatorRegionSet            
0000233b  ADCComparatorReset                
000022c9  ADCHardwareOversampleConfigure    
00001e6b  ADCIntClear                       
00002449  ADCIntClearEx                     
00001dd1  ADCIntDisable                     
000023e7  ADCIntDisableEx                   
00001ded  ADCIntEnable                      
000023ff  ADCIntEnableEx                    
00001d8b  ADCIntRegister                    
00001e13  ADCIntStatus                      
00002417  ADCIntStatusEx                    
00001db3  ADCIntUnregister                  
0000249b  ADCPhaseDelayGet                  
00002489  ADCPhaseDelaySet                  
000020dd  ADCProcessorTrigger               
00002477  ADCReferenceGet                   
0000245b  ADCReferenceSet                   
00001eb5  ADCSequenceConfigure              
000024c5  ADCSequenceDMADisable             
000024a9  ADCSequenceDMAEnable              
0000209b  ADCSequenceDataGet                
00001e9b  ADCSequenceDisable                
00001e81  ADCSequenceEnable                 
0000203f  ADCSequenceOverflow               
00002057  ADCSequenceOverflowClear          
00001f51  ADCSequenceStepConfigure          
0000206d  ADCSequenceUnderflow              
00002085  ADCSequenceUnderflowClear         
00002101  ADCSoftwareOversampleConfigure    
00002235  ADCSoftwareOversampleDataGet      
00002153  ADCSoftwareOversampleStepConfigure
00002c59  C$$EXIT                           
00002d2d  CPUbasepriGet                     
00002d1f  CPUbasepriSet                     
00002cf9  CPUcpsid                          
00002d0f  CPUcpsie                          
00002d05  CPUprimask                        
00002d1b  CPUwfi                            
00001d09  GPIOADCTriggerDisable             
00001ceb  GPIOADCTriggerEnable              
00001ccd  GPIODMATriggerDisable             
00001caf  GPIODMATriggerEnable              
0000124f  GPIODirModeGet                    
000011f3  GPIODirModeSet                    
000017bf  GPIOIntClear                      
00001783  GPIOIntDisable                    
00001769  GPIOIntEnable                     
000017d3  GPIOIntRegister                   
0000180b  GPIOIntRegisterPin                
0000179d  GPIOIntStatus                     
0000133f  GPIOIntTypeGet                    
0000129b  GPIOIntTypeSet                    
000017f1  GPIOIntUnregister                 
00001839  GPIOIntUnregisterPin              
00001617  GPIOPadConfigGet                  
000013dd  GPIOPadConfigSet                  
00001c51  GPIOPinConfigure                  
0000185d  GPIOPinRead                       
00001895  GPIOPinTypeADC                    
000018b9  GPIOPinTypeCAN                    
000018dd  GPIOPinTypeComparator             
00001901  GPIOPinTypeComparatorOutput       
00001925  GPIOPinTypeDIVSCLK                
00001949  GPIOPinTypeEPI                    
0000196d  GPIOPinTypeEthernetLED            
00001991  GPIOPinTypeEthernetMII            
000019b5  GPIOPinTypeGPIOInput              
000019d9  GPIOPinTypeGPIOOutput             
000019fd  GPIOPinTypeGPIOOutputOD           
00001a21  GPIOPinTypeHibernateRTCCLK        
00001a45  GPIOPinTypeI2C                    
00001a69  GPIOPinTypeI2CSCL                 
00001a8d  GPIOPinTypeLCD                    
00001ab1  GPIOPinTypeOneWire                
00001ad5  GPIOPinTypePWM                    
00001af9  GPIOPinTypeQEI                    
00001b1d  GPIOPinTypeSSI                    
00001b41  GPIOPinTypeTimer                  
00001b65  GPIOPinTypeTrace                  
00001b89  GPIOPinTypeUART                   
00001bad  GPIOPinTypeUSBAnalog              
00001bd1  GPIOPinTypeUSBDigital             
00001bf5  GPIOPinTypeWakeHigh               
00001c1b  GPIOPinTypeWakeLow                
00001c41  GPIOPinWakeStatus                 
00001875  GPIOPinWrite                      
0000272d  IntDisable                        
000026bb  IntEnable                         
0000279f  IntIsEnabled                      
0000257f  IntMasterDisable                  
0000256f  IntMasterEnable                   
00002895  IntPendClear                      
00002825  IntPendSet                        
00002697  IntPriorityGet                    
0000260f  IntPriorityGroupingGet            
000025f5  IntPriorityGroupingSet            
000028ef  IntPriorityMaskGet                
000028e3  IntPriorityMaskSet                
00002647  IntPrioritySet                    
0000258f  IntRegister                       
000028f7  IntTrigger                        
000025e1  IntUnregister                     
00002d7f  ResetISR                          
UNDEFED   SHT$$INIT_ARRAY$$Base             
UNDEFED   SHT$$INIT_ARRAY$$Limit            
0000114d  SysCtlAltClkConfig                
00000871  SysCtlClockFreqSet                
00000d39  SysCtlClockGet                    
00001131  SysCtlClockOutConfig              
00000b69  SysCtlClockSet                    
00000775  SysCtlDeepSleep                   
00000f01  SysCtlDeepSleepClockConfigSet     
00000ee5  SysCtlDeepSleepClockSet           
00000755  SysCtlDeepSleepPowerSet           
00002d8b  SysCtlDelay                       
00000301  SysCtlFlashSectorSizeGet          
000002d5  SysCtlFlashSizeGet                
00000fd7  SysCtlGPIOAHBDisable              
00000fbb  SysCtlGPIOAHBEnable               
000006e9  SysCtlIntClear                    
000006d1  SysCtlIntDisable                  
000006bd  SysCtlIntEnable                   
00000695  SysCtlIntRegister                 
000006f9  SysCtlIntStatus                   
000006ad  SysCtlIntUnregister               
0000073b  SysCtlLDODeepSleepGet             
0000072b  SysCtlLDODeepSleepSet             
00000725  SysCtlLDOSleepGet                 
00000715  SysCtlLDOSleepSet                 
000007ab  SysCtlMOSCConfigSet               
00001115  SysCtlNMIClear                    
00001105  SysCtlNMIStatus                   
000007c1  SysCtlPIOSCCalibrate              
00000fa5  SysCtlPWMClockGet                 
00000f8b  SysCtlPWMClockSet                 
00000641  SysCtlPeripheralClockGating       
000005f9  SysCtlPeripheralDeepSleepDisable  
000005a9  SysCtlPeripheralDeepSleepEnable   
000004e5  SysCtlPeripheralDisable           
000004a9  SysCtlPeripheralEnable            
000003e5  SysCtlPeripheralPowerOff          
000003a9  SysCtlPeripheralPowerOn           
00000329  SysCtlPeripheralPresent           
00000369  SysCtlPeripheralReady             
00000421  SysCtlPeripheralReset             
0000056d  SysCtlPeripheralSleepDisable      
00000529  SysCtlPeripheralSleepEnable       
00000765  SysCtlReset                       
00000821  SysCtlResetBehaviorGet            
00000811  SysCtlResetBehaviorSet            
00000797  SysCtlResetCauseClear             
00000791  SysCtlResetCauseGet               
000002cb  SysCtlSRAMSizeGet                 
0000076d  SysCtlSleep                       
00000741  SysCtlSleepPowerSet               
00000fff  SysCtlUSBPLLDisable               
00000ff3  SysCtlUSBPLLEnable                
00001045  SysCtlVCOGet                      
00001031  SysCtlVoltageEventClear           
00001011  SysCtlVoltageEventConfig          
00001025  SysCtlVoltageEventStatus          
2000046c  __STACK_END                       
00000200  __STACK_SIZE                      
2000046c  __STACK_TOP                       
00003358  __TI_CINIT_Base                   
00003370  __TI_CINIT_Limit                  
0000333c  __TI_Handler_Table_Base           
00003348  __TI_Handler_Table_Limit          
00002b2d  __TI_auto_init                    
2000046c  __TI_cleanup_ptr                  
00002b9d  __TI_decompress_lzss              
00002d65  __TI_decompress_none              
20000470  __TI_dtors_ptr                    
20000474  __TI_enable_exit_profile_output   
ffffffff  __TI_pprof_out_hndl               
ffffffff  __TI_prof_data_size               
ffffffff  __TI_prof_data_start              
00000000  __TI_static_base__                
00002d73  __TI_zero_init                    
00002ab1  __aeabi_memclr                    
00002ab1  __aeabi_memclr4                   
00002ab1  __aeabi_memclr8                   
00002a15  __aeabi_memcpy                    
00002a15  __aeabi_memcpy4                   
00002a15  __aeabi_memcpy8                   
00002ab3  __aeabi_memset                    
00002ab3  __aeabi_memset4                   
00002ab3  __aeabi_memset8                   
ffffffff  __binit__                         
ffffffff  __c_args__                        
00002b2b  __mpu_init                        
2000026c  __stack                           
00002d39  _args_main                        
00002c05  _c_int00                          
20000478  _lock                             
00002d5f  _nop                              
00002d57  _register_lock                    
00002d51  _register_unlock                  
00002d37  _system_post_cinit                
00002d91  _system_pre_init                  
2000047c  _unlock                           
00002c5d  abort                             
ffffffff  binit                             
00002cad  copy_in                           
00002c65  exit                              
20000000  g_pfnRAMVectors                   
00000000  g_pfnVectors                      
0000292d  main                              
20000480  main_func_sp                      
00002a15  memcpy                            
00002ab9  memset                            


GLOBAL SYMBOLS: SORTED BY Symbol Address 

address   name                              
-------   ----                              
00000000  __TI_static_base__                
00000000  g_pfnVectors                      
00000200  __STACK_SIZE                      
000002cb  SysCtlSRAMSizeGet                 
000002d5  SysCtlFlashSizeGet                
00000301  SysCtlFlashSectorSizeGet          
00000329  SysCtlPeripheralPresent           
00000369  SysCtlPeripheralReady             
000003a9  SysCtlPeripheralPowerOn           
000003e5  SysCtlPeripheralPowerOff          
00000421  SysCtlPeripheralReset             
000004a9  SysCtlPeripheralEnable            
000004e5  SysCtlPeripheralDisable           
00000529  SysCtlPeripheralSleepEnable       
0000056d  SysCtlPeripheralSleepDisable      
000005a9  SysCtlPeripheralDeepSleepEnable   
000005f9  SysCtlPeripheralDeepSleepDisable  
00000641  SysCtlPeripheralClockGating       
00000695  SysCtlIntRegister                 
000006ad  SysCtlIntUnregister               
000006bd  SysCtlIntEnable                   
000006d1  SysCtlIntDisable                  
000006e9  SysCtlIntClear                    
000006f9  SysCtlIntStatus                   
00000715  SysCtlLDOSleepSet                 
00000725  SysCtlLDOSleepGet                 
0000072b  SysCtlLDODeepSleepSet             
0000073b  SysCtlLDODeepSleepGet             
00000741  SysCtlSleepPowerSet               
00000755  SysCtlDeepSleepPowerSet           
00000765  SysCtlReset                       
0000076d  SysCtlSleep                       
00000775  SysCtlDeepSleep                   
00000791  SysCtlResetCauseGet               
00000797  SysCtlResetCauseClear             
000007ab  SysCtlMOSCConfigSet               
000007c1  SysCtlPIOSCCalibrate              
00000811  SysCtlResetBehaviorSet            
00000821  SysCtlResetBehaviorGet            
00000871  SysCtlClockFreqSet                
00000b69  SysCtlClockSet                    
00000d39  SysCtlClockGet                    
00000ee5  SysCtlDeepSleepClockSet           
00000f01  SysCtlDeepSleepClockConfigSet     
00000f8b  SysCtlPWMClockSet                 
00000fa5  SysCtlPWMClockGet                 
00000fbb  SysCtlGPIOAHBEnable               
00000fd7  SysCtlGPIOAHBDisable              
00000ff3  SysCtlUSBPLLEnable                
00000fff  SysCtlUSBPLLDisable               
00001011  SysCtlVoltageEventConfig          
00001025  SysCtlVoltageEventStatus          
00001031  SysCtlVoltageEventClear           
00001045  SysCtlVCOGet                      
00001105  SysCtlNMIStatus                   
00001115  SysCtlNMIClear                    
00001131  SysCtlClockOutConfig              
0000114d  SysCtlAltClkConfig                
000011f3  GPIODirModeSet                    
0000124f  GPIODirModeGet                    
0000129b  GPIOIntTypeSet                    
0000133f  GPIOIntTypeGet                    
000013dd  GPIOPadConfigSet                  
00001617  GPIOPadConfigGet                  
00001769  GPIOIntEnable                     
00001783  GPIOIntDisable                    
0000179d  GPIOIntStatus                     
000017bf  GPIOIntClear                      
000017d3  GPIOIntRegister                   
000017f1  GPIOIntUnregister                 
0000180b  GPIOIntRegisterPin                
00001839  GPIOIntUnregisterPin              
0000185d  GPIOPinRead                       
00001875  GPIOPinWrite                      
00001895  GPIOPinTypeADC                    
000018b9  GPIOPinTypeCAN                    
000018dd  GPIOPinTypeComparator             
00001901  GPIOPinTypeComparatorOutput       
00001925  GPIOPinTypeDIVSCLK                
00001949  GPIOPinTypeEPI                    
0000196d  GPIOPinTypeEthernetLED            
00001991  GPIOPinTypeEthernetMII            
000019b5  GPIOPinTypeGPIOInput              
000019d9  GPIOPinTypeGPIOOutput             
000019fd  GPIOPinTypeGPIOOutputOD           
00001a21  GPIOPinTypeHibernateRTCCLK        
00001a45  GPIOPinTypeI2C                    
00001a69  GPIOPinTypeI2CSCL                 
00001a8d  GPIOPinTypeLCD                    
00001ab1  GPIOPinTypeOneWire                
00001ad5  GPIOPinTypePWM                    
00001af9  GPIOPinTypeQEI                    
00001b1d  GPIOPinTypeSSI                    
00001b41  GPIOPinTypeTimer                  
00001b65  GPIOPinTypeTrace                  
00001b89  GPIOPinTypeUART                   
00001bad  GPIOPinTypeUSBAnalog              
00001bd1  GPIOPinTypeUSBDigital             
00001bf5  GPIOPinTypeWakeHigh               
00001c1b  GPIOPinTypeWakeLow                
00001c41  GPIOPinWakeStatus                 
00001c51  GPIOPinConfigure                  
00001caf  GPIODMATriggerEnable              
00001ccd  GPIODMATriggerDisable             
00001ceb  GPIOADCTriggerEnable              
00001d09  GPIOADCTriggerDisable             
00001d8b  ADCIntRegister                    
00001db3  ADCIntUnregister                  
00001dd1  ADCIntDisable                     
00001ded  ADCIntEnable                      
00001e13  ADCIntStatus                      
00001e6b  ADCIntClear                       
00001e81  ADCSequenceEnable                 
00001e9b  ADCSequenceDisable                
00001eb5  ADCSequenceConfigure              
00001f51  ADCSequenceStepConfigure          
0000203f  ADCSequenceOverflow               
00002057  ADCSequenceOverflowClear          
0000206d  ADCSequenceUnderflow              
00002085  ADCSequenceUnderflowClear         
0000209b  ADCSequenceDataGet                
000020dd  ADCProcessorTrigger               
00002101  ADCSoftwareOversampleConfigure    
00002153  ADCSoftwareOversampleStepConfigure
00002235  ADCSoftwareOversampleDataGet      
000022c9  ADCHardwareOversampleConfigure    
000022fb  ADCComparatorConfigure            
00002317  ADCComparatorRegionSet            
0000233b  ADCComparatorReset                
00002381  ADCComparatorIntDisable           
0000239f  ADCComparatorIntEnable            
000023c1  ADCComparatorIntStatus            
000023d5  ADCComparatorIntClear             
000023e7  ADCIntDisableEx                   
000023ff  ADCIntEnableEx                    
00002417  ADCIntStatusEx                    
00002449  ADCIntClearEx                     
0000245b  ADCReferenceSet                   
00002477  ADCReferenceGet                   
00002489  ADCPhaseDelaySet                  
0000249b  ADCPhaseDelayGet                  
000024a9  ADCSequenceDMAEnable              
000024c5  ADCSequenceDMADisable             
000024e1  ADCBusy                           
000024ff  ADCClockConfigSet                 
00002529  ADCClockConfigGet                 
0000256f  IntMasterEnable                   
0000257f  IntMasterDisable                  
0000258f  IntRegister                       
000025e1  IntUnregister                     
000025f5  IntPriorityGroupingSet            
0000260f  IntPriorityGroupingGet            
00002647  IntPrioritySet                    
00002697  IntPriorityGet                    
000026bb  IntEnable                         
0000272d  IntDisable                        
0000279f  IntIsEnabled                      
00002825  IntPendSet                        
00002895  IntPendClear                      
000028e3  IntPriorityMaskSet                
000028ef  IntPriorityMaskGet                
000028f7  IntTrigger                        
0000292d  main                              
00002a15  __aeabi_memcpy                    
00002a15  __aeabi_memcpy4                   
00002a15  __aeabi_memcpy8                   
00002a15  memcpy                            
00002ab1  __aeabi_memclr                    
00002ab1  __aeabi_memclr4                   
00002ab1  __aeabi_memclr8                   
00002ab3  __aeabi_memset                    
00002ab3  __aeabi_memset4                   
00002ab3  __aeabi_memset8                   
00002ab9  memset                            
00002b2b  __mpu_init                        
00002b2d  __TI_auto_init                    
00002b9d  __TI_decompress_lzss              
00002c05  _c_int00                          
00002c59  C$$EXIT                           
00002c5d  abort                             
00002c65  exit                              
00002cad  copy_in                           
00002cf9  CPUcpsid                          
00002d05  CPUprimask                        
00002d0f  CPUcpsie                          
00002d1b  CPUwfi                            
00002d1f  CPUbasepriSet                     
00002d2d  CPUbasepriGet                     
00002d37  _system_post_cinit                
00002d39  _args_main                        
00002d51  _register_unlock                  
00002d57  _register_lock                    
00002d5f  _nop                              
00002d65  __TI_decompress_none              
00002d73  __TI_zero_init                    
00002d7f  ResetISR                          
00002d8b  SysCtlDelay                       
00002d91  _system_pre_init                  
0000333c  __TI_Handler_Table_Base           
00003348  __TI_Handler_Table_Limit          
00003358  __TI_CINIT_Base                   
00003370  __TI_CINIT_Limit                  
20000000  g_pfnRAMVectors                   
2000026c  __stack                           
2000046c  __STACK_END                       
2000046c  __STACK_TOP                       
2000046c  __TI_cleanup_ptr                  
20000470  __TI_dtors_ptr                    
20000474  __TI_enable_exit_profile_output   
20000478  _lock                             
2000047c  _unlock                           
20000480  main_func_sp                      
ffffffff  __TI_pprof_out_hndl               
ffffffff  __TI_prof_data_size               
ffffffff  __TI_prof_data_start              
ffffffff  __binit__                         
ffffffff  __c_args__                        
ffffffff  binit                             
UNDEFED   SHT$$INIT_ARRAY$$Base             
UNDEFED   SHT$$INIT_ARRAY$$Limit            

[220 symbols]
